{
    "body": {
        "auxScripts": null,
        "certificates": null,
        "extraKeyWits": null,
        "fee": 139,
        "ins": [
            "fe5dd07fb576bff960d6e066eade5b26cdb5afebe29f76ea58d0a098bce5d891#135"
        ],
        "insCollateral": null,
        "insReference": null,
        "metadata": null,
        "mintValue": {
            "a06ee5ffdd7f9b5bd992eb9543f44418323f81229526b77b0e4be067": {
                "736b79": 142,
                "cafe": 132,
                "dead": 136
            },
            "d441227553a0f1a965fee7d60a0f724b368dd1bddbc208730fccebcf": {
                "": 130,
                "736e6f77": 138,
                "f00d": 134
            }
        },
        "outs": [
            {
                "address": "addr_test1qrefnr4k09pvge6dq83v6s67ruter8sftmky8qrmkqqsxy7q5psgn8tgqmupq4r79jmxlyk4eqt6z6hj5g8jd8393msqaw47f4",
                "value": {
                    "a06ee5ffdd7f9b5bd992eb9543f44418323f81229526b77b0e4be067": {
                        "736b79": 142,
                        "cafe": 132,
                        "dead": 136
                    },
                    "d441227553a0f1a965fee7d60a0f724b368dd1bddbc208730fccebcf": {
                        "": 130,
                        "736e6f77": 138,
                        "f00d": 134
                    },
                    "lovelace": 138
                }
            }
        ],
        "returnCollateral": null,
        "scriptValidity": null,
        "totalCollateral": null,
        "updateProposal": null,
        "validityRange": {
            "lowerBound": {
                "slot": 140
            },
            "upperBound": null
        },
        "withdrawals": null
    },
    "era": "Mary"
}
