{
    "poolDeposit": 0,
    "protocolVersion": {
        "minor": 0,
        "major": 0
    },
    "decentralisationParam": 0.99,
    "maxTxSize": 2048,
    "minFeeA": 500,
    "maxBlockBodySize": 2097152,
    "minFeeB": 2,
    "minUTxOValue": 1,
    "minPoolCost": 100,
    "eMax": 0,
    "extraEntropy": {
        "tag": "NeutralNonce"
    },
    "maxBlockHeaderSize": 8192,
    "keyDeposit": 0,
    "nOpt": 100,
    "rho": 0,
    "tau": 0,
    "a0": 0
}
