{
    "AlonzoGenesisFile": "alonzo-genesis.json",
    "ByronGenesisFile": "byron-genesis.json",
    "ConwayGenesisFile": "conway-genesis.json",
    "EnableLogMetrics": false,
    "EnableLogging": true,
    "EnableP2P": false,
    "ExperimentalHardForksEnabled": true,
    "ExperimentalProtocolsEnabled": true,
    "LastKnownBlockVersion-Alt": 0,
    "LastKnownBlockVersion-Major": 3,
    "LastKnownBlockVersion-Minor": 0,
    "MaxConcurrencyBulkSync": 1,
    "MaxConcurrencyDeadline": 2,
    "PBftSignatureThreshold": 0.6,
    "Protocol": "Cardano",
    "RequiresNetworkMagic": "RequiresMagic",
    "ShelleyGenesisFile": "shelley-genesis.json",
    "SocketPath": "db/node.socket",
    "TestAllegraHardForkAtEpoch": 0,
    "TestShelleyHardForkAtEpoch": 0,
    "TraceBlockFetchClient": false,
    "TraceBlockFetchDecisions": false,
    "TraceBlockFetchProtocol": false,
    "TraceBlockFetchProtocolSerialised": false,
    "TraceBlockFetchServer": false,
    "TraceBlockchainTime": true,
    "TraceChainDb": true,
    "TraceChainSyncBlockServer": false,
    "TraceChainSyncClient": false,
    "TraceChainSyncHeaderServer": false,
    "TraceChainSyncProtocol": false,
    "TraceConnectionManager": true,
    "TraceDnsResolver": true,
    "TraceDnsSubscription": true,
    "TraceErrorPolicy": true,
    "TraceForge": true,
    "TraceHandshake": false,
    "TraceIpSubscription": true,
    "TraceLocalChainSyncProtocol": false,
    "TraceLocalConnectionManager": false,
    "TraceLocalErrorPolicy": true,
    "TraceLocalHandshake": false,
    "TraceLocalRootPeers": true,
    "TraceLocalServer": false,
    "TraceLocalTxSubmissionProtocol": false,
    "TraceLocalTxSubmissionServer": false,
    "TraceMempool": true,
    "TraceMux": false,
    "TracePeerSelection": true,
    "TracePeerSelectionActions": true,
    "TracePublicRootPeers": true,
    "TraceServer": true,
    "TraceTxInbound": false,
    "TraceTxOutbound": false,
    "TraceTxSubmissionProtocol": false,
    "TurnOnLogMetrics": false,
    "defaultBackends": [
        "KatipBK"
    ],
    "defaultScribes": [
        [
            "FileSK",
            "logs/mainnet.log"
        ],
        [
            "StdoutSK",
            "stdout"
        ]
    ],
    "minSeverity": "Debug",
    "options": {},
    "rotation": {
        "rpKeepFilesNum": 3,
        "rpLogLimitBytes": 5000000,
        "rpMaxAgeHours": 24
    },
    "setupBackends": [
        "KatipBK"
    ],
    "setupScribes": [
        {
            "scFormat": "ScJson",
            "scKind": "FileSK",
            "scName": "logs/node.log"
        },
        {
            "scFormat": "ScJson",
            "scKind": "StdoutSK",
            "scName": "stdout"
        }
    ]
}